public attribute not declared in interfaces: badpeer.badattribute
public attribute not declared in interfaces: badpeer.badmethod
