warning
error
b'buffered\n'
colored? True
colored? True
