local test passed
addgroupcopy test passed
clone test passed
lowlevelcopy test passed
slicing test passed
issnapshot test passed
findsnapshot test passed
