Hello, Foobar
[b'Hello, Fo, =;:<o', b'Hello, Bar']
